
[1m[46m RUN [49m[22m [36mv4.1.2 [39m[90mC:/Users/SRIKAR/Downloads/copy-of-agrigenius-ai (1)[39m

stderr | tests/retryUtils.test.ts > withRetry > should retry on transient failure and eventually succeed
Retry attempt 1/3 after 10ms. Error: 429 Too Many Requests

stderr | tests/retryUtils.test.ts > withRetry > should retry on transient failure and eventually succeed
Retry attempt 2/3 after 16ms. Error: 429 Too Many Requests

stderr | tests/retryUtils.test.ts > withRetry > should throw after exhausting all retry attempts
Retry attempt 1/2 after 12ms. Error: 429 Rate limited

stderr | tests/retryUtils.test.ts > withRetry > should retry on network errors
Retry attempt 1/3 after 9ms. Error: Failed to fetch

 [32mΓ£ô[39m tests/toastContext.test.tsx [2m([22m[2m9 tests[22m[2m)[22m[32m 67[2mms[22m[39m
stderr | tests/retryUtils.test.ts > withRetry > should respect custom shouldRetry function
Retry attempt 1/3 after 12ms. Error: custom error

stderr | tests/retryUtils.test.ts > withRetry > should respect custom shouldRetry function
Retry attempt 2/3 after 15ms. Error: custom error

 [31mΓ¥»[39m tests/validationService.test.ts [2m([22m[2m28 tests[22m[2m | [22m[31m2 failed[39m[2m)[22m[32m 137[2mms[22m[39m
     [32mΓ£ô[39m should reject empty strings[32m 2[2mms[22m[39m
     [32mΓ£ô[39m should reject whitespace-only strings[32m 0[2mms[22m[39m
     [32mΓ£ô[39m should accept valid strings[32m 0[2mms[22m[39m
     [32mΓ£ô[39m should reject strings exceeding maxLength[32m 0[2mms[22m[39m
     [32mΓ£ô[39m should accept strings within maxLength[32m 0[2mms[22m[39m
     [32mΓ£ô[39m should reject NaN[32m 0[2mms[22m[39m
     [32mΓ£ô[39m should reject values below min[32m 0[2mms[22m[39m
     [32mΓ£ô[39m should reject values above max[32m 0[2mms[22m[39m
     [32mΓ£ô[39m should accept valid numbers[32m 0[2mms[22m[39m
     [32mΓ£ô[39m should accept boundary values[32m 0[2mms[22m[39m
     [32mΓ£ô[39m should work without min/max constraints[32m 0[2mms[22m[39m
     [32mΓ£ô[39m should accept valid emails[32m 0[2mms[22m[39m
     [32mΓ£ô[39m should reject invalid emails[32m 0[2mms[22m[39m
     [32mΓ£ô[39m should accept valid Indian phone numbers[32m 0[2mms[22m[39m
     [32mΓ£ô[39m should reject invalid phone numbers[32m 0[2mms[22m[39m
[31m     [31m├ù[31m should accept empty phone (optional field)[39m[32m 9[2mms[22m[39m
     [32mΓ£ô[39m should escape HTML entities[32m 0[2mms[22m[39m
     [32mΓ£ô[39m should escape ampersands[32m 0[2mms[22m[39m
     [32mΓ£ô[39m should escape quotes[32m 0[2mms[22m[39m
     [32mΓ£ô[39m should handle plain text without changes[32m 0[2mms[22m[39m
[31m     [31m├ù[31m should trim whitespace[39m[32m 2[2mms[22m[39m
     [32mΓ£ô[39m should return valid when all validations pass[32m 0[2mms[22m[39m
     [32mΓ£ô[39m should return the first error when a validation fails[32m 0[2mms[22m[39m
     [32mΓ£ô[39m should handle empty validations[32m 0[2mms[22m[39m
     [32mΓ£ô[39m should accept valid image files[32m 1[2mms[22m[39m
     [32mΓ£ô[39m should accept PNG files[32m 0[2mms[22m[39m
     [32mΓ£ô[39m should reject non-image files[32m 0[2mms[22m[39m
     [32mΓ£ô[39m should reject files over 4MB[32m 113[2mms[22m[39m
 [31mΓ¥»[39m tests/languageContext.test.tsx [2m([22m[2m9 tests[22m[2m | [22m[31m1 failed[39m[2m)[22m[32m 98[2mms[22m[39m
     [32mΓ£ô[39m should default to English[32m 42[2mms[22m[39m
     [32mΓ£ô[39m should translate known keys[32m 6[2mms[22m[39m
     [32mΓ£ô[39m should return the key itself for unknown translation keys[32m 4[2mms[22m[39m
     [32mΓ£ô[39m should interpolate parameters in translations[32m 4[2mms[22m[39m
[31m     [31m├ù[31m should switch language to Hindi[39m[32m 19[2mms[22m[39m
     [32mΓ£ô[39m should switch language to Telugu[32m 5[2mms[22m[39m
     [32mΓ£ô[39m should persist language preference to localStorage[32m 4[2mms[22m[39m
     [32mΓ£ô[39m should update document lang attribute[32m 4[2mms[22m[39m
     [32mΓ£ô[39m should switch back to English[32m 5[2mms[22m[39m
 [31mΓ¥»[39m tests/safeHtmlSkeleton.test.tsx [2m([22m[2m17 tests[22m[2m | [22m[31m1 failed[39m[2m)[22m[32m 139[2mms[22m[39m
     [32mΓ£ô[39m should render plain text[32m 44[2mms[22m[39m
     [32mΓ£ô[39m should render allowed HTML tags (strong, em)[32m 9[2mms[22m[39m
     [32mΓ£ô[39m should strip disallowed HTML tags (script, img, iframe)[32m 5[2mms[22m[39m
     [32mΓ£ô[39m should strip disallowed attributes[32m 5[2mms[22m[39m
     [32mΓ£ô[39m should prevent javascript: URLs in href attributes[32m 4[2mms[22m[39m
     [32mΓ£ô[39m should allow safe href attributes[32m 3[2mms[22m[39m
     [32mΓ£ô[39m should render with custom element type[32m 3[2mms[22m[39m
     [32mΓ£ô[39m should apply className[32m 3[2mms[22m[39m
     [32mΓ£ô[39m should default to span element[32m 3[2mms[22m[39m
     [32mΓ£ô[39m should render a single skeleton by default[32m 11[2mms[22m[39m
[31m     [31m├ù[31m should render multiple lines with count prop[39m[32m 17[2mms[22m[39m
     [32mΓ£ô[39m should apply circle style[32m 3[2mms[22m[39m
     [32mΓ£ô[39m should apply custom width and height[32m 2[2mms[22m[39m
     [32mΓ£ô[39m should apply custom className[32m 2[2mms[22m[39m
     [32mΓ£ô[39m should render a card-shaped skeleton[32m 6[2mms[22m[39m
     [32mΓ£ô[39m should render default 5 rows[32m 9[2mms[22m[39m
     [32mΓ£ô[39m should render custom number of rows[32m 4[2mms[22m[39m
 [32mΓ£ô[39m tests/retryUtils.test.ts [2m([22m[2m12 tests[22m[2m)[22m[32m 220[2mms[22m[39m
 [32mΓ£ô[39m tests/components.test.tsx [2m([22m[2m9 tests[22m[2m)[22m[32m 252[2mms[22m[39m
 [31mΓ¥»[39m tests/services.test.tsx [2m([22m[2m16 tests[22m[2m | [22m[31m1 failed[39m[2m)[22m[33m 643[2mms[22m[39m
       [33m[2mΓ£ô[22m[39m should validate email format before attempting login [33m 562[2mms[22m[39m
       [32mΓ£ô[39m should validate that password is not empty[32m 1[2mms[22m[39m
       [32mΓ£ô[39m should validate email format on signup[32m 0[2mms[22m[39m
       [32mΓ£ô[39m should extract JSON from markdown code block[32m 1[2mms[22m[39m
       [32mΓ£ô[39m should handle plain JSON without code blocks[32m 0[2mms[22m[39m
       [32mΓ£ô[39m should handle code blocks without json specifier[32m 0[2mms[22m[39m
       [32mΓ£ô[39m should handle nested JSON objects[32m 0[2mms[22m[39m
       [32mΓ£ô[39m should return Hindi instruction for hi[32m 0[2mms[22m[39m
       [32mΓ£ô[39m should return Telugu instruction for te[32m 0[2mms[22m[39m
       [32mΓ£ô[39m should return empty string for English[32m 0[2mms[22m[39m
       [32mΓ£ô[39m should return empty string for unknown languages[32m 0[2mms[22m[39m
     [32mΓ£ô[39m should render children when no error[32m 34[2mms[22m[39m
[31m     [31m├ù[31m should catch errors and display fallback[39m[32m 30[2mms[22m[39m
     [32mΓ£ô[39m should provide theme context with default value[32m 9[2mms[22m[39m
     [32mΓ£ô[39m should export ActiveView enum with all expected values[32m 1[2mms[22m[39m
     [32mΓ£ô[39m should have unique enum values[32m 0[2mms[22m[39m
 [31mΓ¥»[39m tests/comprehensive.test.tsx [2m([22m[2m55 tests[22m[2m | [22m[31m6 failed[39m[2m)[22m[33m 654[2mms[22m[39m
     [32mΓ£ô[39m should have unique paths for all views[32m 86[2mms[22m[39m
     [32mΓ£ô[39m should have matching reverse lookup entries[32m 1[2mms[22m[39m
     [32mΓ£ô[39m should generate correct farm route paths[32m 1[2mms[22m[39m
       [32mΓ£ô[39m should strip HTML tags from input[32m 3[2mms[22m[39m
       [32mΓ£ô[39m should handle empty string[32m 0[2mms[22m[39m
       [32mΓ£ô[39m should handle normal text without modification[32m 0[2mms[22m[39m
       [32mΓ£ô[39m should validate correct email format[32m 1[2mms[22m[39m
       [32mΓ£ô[39m should reject invalid email format[32m 0[2mms[22m[39m
       [32mΓ£ô[39m should validate Indian phone numbers[32m 1[2mms[22m[39m
       [32mΓ£ô[39m should reject invalid phone numbers[32m 0[2mms[22m[39m
       [32mΓ£ô[39m should validate positive prices[32m 0[2mms[22m[39m
       [32mΓ£ô[39m should reject invalid prices[32m 0[2mms[22m[39m
     [32mΓ£ô[39m should store and retrieve values[32m 3[2mms[22m[39m
[31m     [31m├ù[31m should return undefined for missing keys[39m[32m 8[2mms[22m[39m
[31m     [31m├ù[31m should return undefined for expired entries[39m[32m 111[2mms[22m[39m
[31m     [31m├ù[31m should respect max size limit[39m[32m 1[2mms[22m[39m
[31m     [31m├ù[31m should clear all entries[39m[32m 1[2mms[22m[39m
     [32mΓ£ô[39m should render safe HTML tags[32m 47[2mms[22m[39m
     [32mΓ£ô[39m should strip disallowed tags[32m 4[2mms[22m[39m
     [32mΓ£ô[39m should block javascript: URLs in href[32m 4[2mms[22m[39m
     [32mΓ£ô[39m should allow safe attributes[32m 5[2mms[22m[39m
     [32mΓ£ô[39m should render with custom wrapper element[32m 3[2mms[22m[39m
     [32mΓ£ô[39m should render with custom className[32m 3[2mms[22m[39m
     [32mΓ£ô[39m should render children when no error occurs[32m 11[2mms[22m[39m
     [32mΓ£ô[39m should catch errors and display default fallback UI[32m 16[2mms[22m[39m
     [32mΓ£ô[39m should display the error message[32m 4[2mms[22m[39m
     [32mΓ£ô[39m should render custom fallback when provided[32m 3[2mms[22m[39m
     [32mΓ£ô[39m should recover when Try Again is clicked[32m 10[2mms[22m[39m
     [32mΓ£ô[39m should throw error when used outside provider[32m 7[2mms[22m[39m
     [32mΓ£ô[39m should provide toast functionality[32m 2[2mms[22m[39m
     [32mΓ£ô[39m should add and auto-remove toasts[32m 123[2mms[22m[39m
     [32mΓ£ô[39m should provide translation function[32m 16[2mms[22m[39m
     [32mΓ£ô[39m should persist language choice to localStorage[32m 3[2mms[22m[39m
     [32mΓ£ô[39m should support string interpolation in translations[32m 2[2mms[22m[39m
[31m       [31m├ù[31m should call Firebase signInWithEmailAndPassword[39m[32m 3[2mms[22m[39m
[31m       [31m├ù[31m should call Firebase signOut[39m[32m 1[2mms[22m[39m
     [32mΓ£ô[39m should export ActiveView enum with all expected values[32m 1[2mms[22m[39m
     [32mΓ£ô[39m should have unique enum values with no collisions[32m 0[2mms[22m[39m
     [32mΓ£ô[39m should export essential interfaces[32m 0[2mms[22m[39m
     [32mΓ£ô[39m should extract JSON from markdown code blocks[32m 0[2mms[22m[39m
     [32mΓ£ô[39m should handle plain JSON without wrappers[32m 0[2mms[22m[39m
     [32mΓ£ô[39m should extract JSON buried in text[32m 0[2mms[22m[39m
     [32mΓ£ô[39m should handle nested JSON objects[32m 0[2mms[22m[39m
     [32mΓ£ô[39m should return empty string for empty input[32m 0[2mms[22m[39m
     [32mΓ£ô[39m should handle whitespace-only input[32m 0[2mms[22m[39m
       [32mΓ£ô[39m should render a spinner element[32m 4[2mms[22m[39m
       [32mΓ£ô[39m should render children inside card wrapper[32m 3[2mms[22m[39m
       [32mΓ£ô[39m should accept custom className[32m 2[2mms[22m[39m
       [32mΓ£ô[39m should call onClick when clicked[32m 3[2mms[22m[39m
       [32mΓ£ô[39m should be disabled when disabled prop is true[32m 2[2mms[22m[39m
       [32mΓ£ô[39m should not call onClick when disabled[32m 2[2mms[22m[39m
       [32mΓ£ô[39m should render when isOpen is true[32m 15[2mms[22m[39m
       [32mΓ£ô[39m should not render when isOpen is false[32m 1[2mms[22m[39m
       [32mΓ£ô[39m should call onClose when close button clicked[32m 130[2mms[22m[39m
     [32mΓ£ô[39m should export ThemeProvider and useTheme[32m 2[2mms[22m[39m

ΓÄ»ΓÄ»ΓÄ»ΓÄ»ΓÄ»ΓÄ» Failed Tests 11 ΓÄ»ΓÄ»ΓÄ»ΓÄ»ΓÄ»ΓÄ»ΓÄ»

 FAIL  tests/comprehensive.test.tsx > TTLCache > should return undefined for missing keys
AssertionError: expected null to be undefined

- Expected:
undefined

+ Received:
null

 Γ¥» tests/comprehensive.test.tsx:173:38
    171|   it('should return undefined for missing keys', () => {
    172|     const cache = new TTLCache<string, number>(60000, 100);
    173|     expect(cache.get('nonexistent')).toBeUndefined();
       |                                      ^
    174|   });
    175|

ΓÄ»ΓÄ»ΓÄ»ΓÄ»ΓÄ»ΓÄ»ΓÄ»ΓÄ»ΓÄ»ΓÄ»ΓÄ»ΓÄ»ΓÄ»ΓÄ»ΓÄ»ΓÄ»ΓÄ»ΓÄ»ΓÄ»ΓÄ»ΓÄ»ΓÄ»ΓÄ»[1/11]ΓÄ»

 FAIL  tests/comprehensive.test.tsx > TTLCache > should return undefined for expired entries
AssertionError: expected null to be undefined

- Expected:
undefined

+ Received:
null

 Γ¥» tests/comprehensive.test.tsx:180:31
    178|     cache.set('key1', 42);
    179|     await new Promise(resolve => setTimeout(resolve, 100)); // Wait foΓÇª
    180|     expect(cache.get('key1')).toBeUndefined();
       |                               ^
    181|   });
    182|

ΓÄ»ΓÄ»ΓÄ»ΓÄ»ΓÄ»ΓÄ»ΓÄ»ΓÄ»ΓÄ»ΓÄ»ΓÄ»ΓÄ»ΓÄ»ΓÄ»ΓÄ»ΓÄ»ΓÄ»ΓÄ»ΓÄ»ΓÄ»ΓÄ»ΓÄ»ΓÄ»[2/11]ΓÄ»

 FAIL  tests/comprehensive.test.tsx > TTLCache > should respect max size limit
AssertionError: expected null to be undefined

- Expected:
undefined

+ Received:
null

 Γ¥» tests/comprehensive.test.tsx:188:31
    186|     cache.set('key2', 2);
    187|     cache.set('key3', 3); // Should evict oldest
    188|     expect(cache.get('key1')).toBeUndefined();
       |                               ^
    189|     expect(cache.get('key2')).toBe(2);
    190|     expect(cache.get('key3')).toBe(3);

ΓÄ»ΓÄ»ΓÄ»ΓÄ»ΓÄ»ΓÄ»ΓÄ»ΓÄ»ΓÄ»ΓÄ»ΓÄ»ΓÄ»ΓÄ»ΓÄ»ΓÄ»ΓÄ»ΓÄ»ΓÄ»ΓÄ»ΓÄ»ΓÄ»ΓÄ»ΓÄ»[3/11]ΓÄ»

 FAIL  tests/comprehensive.test.tsx > TTLCache > should clear all entries
AssertionError: expected null to be undefined

- Expected:
undefined

+ Received:
null

 Γ¥» tests/comprehensive.test.tsx:198:31
    196|     cache.set('key2', 2);
    197|     cache.clear();
    198|     expect(cache.get('key1')).toBeUndefined();
       |                               ^
    199|     expect(cache.get('key2')).toBeUndefined();
    200|   });

ΓÄ»ΓÄ»ΓÄ»ΓÄ»ΓÄ»ΓÄ»ΓÄ»ΓÄ»ΓÄ»ΓÄ»ΓÄ»ΓÄ»ΓÄ»ΓÄ»ΓÄ»ΓÄ»ΓÄ»ΓÄ»ΓÄ»ΓÄ»ΓÄ»ΓÄ»ΓÄ»[4/11]ΓÄ»

 FAIL  tests/comprehensive.test.tsx > Auth Service > signIn > should call Firebase signInWithEmailAndPassword
AssertionError: expected "vi.fn()" to be called with arguments: [ 'test@example.com', 'password123' ]

Number of calls: 0

 Γ¥» tests/comprehensive.test.tsx:474:47
    472|       }
    473|
    474|       expect(auth.signInWithEmailAndPassword).toHaveBeenCalledWith('teΓÇª
       |                                               ^
    475|     });
    476|   });

ΓÄ»ΓÄ»ΓÄ»ΓÄ»ΓÄ»ΓÄ»ΓÄ»ΓÄ»ΓÄ»ΓÄ»ΓÄ»ΓÄ»ΓÄ»ΓÄ»ΓÄ»ΓÄ»ΓÄ»ΓÄ»ΓÄ»ΓÄ»ΓÄ»ΓÄ»ΓÄ»[5/11]ΓÄ»

 FAIL  tests/comprehensive.test.tsx > Auth Service > logout > should call Firebase signOut
AssertionError: expected "vi.fn()" to be called at least once
 Γ¥» tests/comprehensive.test.tsx:484:28
    482|
    483|       await logout();
    484|       expect(auth.signOut).toHaveBeenCalled();
       |                            ^
    485|     });
    486|   });

ΓÄ»ΓÄ»ΓÄ»ΓÄ»ΓÄ»ΓÄ»ΓÄ»ΓÄ»ΓÄ»ΓÄ»ΓÄ»ΓÄ»ΓÄ»ΓÄ»ΓÄ»ΓÄ»ΓÄ»ΓÄ»ΓÄ»ΓÄ»ΓÄ»ΓÄ»ΓÄ»[6/11]ΓÄ»

 FAIL  tests/languageContext.test.tsx > LanguageContext > should switch language to Hindi
AssertionError: expected 'AgriGenius AI' not to be 'AgriGenius AI' // Object.is equality
 Γ¥» tests/languageContext.test.tsx:77:62
     75|     expect(screen.getByTestId('language').textContent).toBe('hi');
     76|     // App name in Hindi
     77|     expect(screen.getByTestId('translated').textContent).not.toBe('AgrΓÇª
       |                                                              ^
     78|   });
     79|

ΓÄ»ΓÄ»ΓÄ»ΓÄ»ΓÄ»ΓÄ»ΓÄ»ΓÄ»ΓÄ»ΓÄ»ΓÄ»ΓÄ»ΓÄ»ΓÄ»ΓÄ»ΓÄ»ΓÄ»ΓÄ»ΓÄ»ΓÄ»ΓÄ»ΓÄ»ΓÄ»[7/11]ΓÄ»

 FAIL  tests/safeHtmlSkeleton.test.tsx > Skeleton > should render multiple lines with count prop
AssertionError: expected 1 to be 3 // Object.is equality

- Expected
+ Received

- 3
+ 1

 Γ¥» tests/safeHtmlSkeleton.test.tsx:95:30
     93|     const skeletons = container.querySelectorAll('[aria-hidden="true"]ΓÇª
     94|     // The wrapper div + 3 children
     95|     expect(skeletons.length).toBe(3);
       |                              ^
     96|   });
     97|

ΓÄ»ΓÄ»ΓÄ»ΓÄ»ΓÄ»ΓÄ»ΓÄ»ΓÄ»ΓÄ»ΓÄ»ΓÄ»ΓÄ»ΓÄ»ΓÄ»ΓÄ»ΓÄ»ΓÄ»ΓÄ»ΓÄ»ΓÄ»ΓÄ»ΓÄ»ΓÄ»[8/11]ΓÄ»

 FAIL  tests/services.test.tsx > ErrorBoundary Integration > should catch errors and display fallback
AssertionError: expected <p class="text-red-600 text-sm mb-4"></p> to be falsy

- Expected:
false

+ Received:
<p
  class="text-red-600 text-sm mb-4"
>
  Test error
</p>

 Γ¥» tests/services.test.tsx:170:46
    168|
    169|     // Should render error fallback UI
    170|     expect(screen.queryByText('Test error')).toBeFalsy();
       |                                              ^
    171|     consoleSpy.mockRestore();
    172|   });

ΓÄ»ΓÄ»ΓÄ»ΓÄ»ΓÄ»ΓÄ»ΓÄ»ΓÄ»ΓÄ»ΓÄ»ΓÄ»ΓÄ»ΓÄ»ΓÄ»ΓÄ»ΓÄ»ΓÄ»ΓÄ»ΓÄ»ΓÄ»ΓÄ»ΓÄ»ΓÄ»[9/11]ΓÄ»

 FAIL  tests/validationService.test.ts > validatePhone > should accept empty phone (optional field)
AssertionError: expected false to be true // Object.is equality

- Expected
+ Received

- true
+ false

 Γ¥» tests/validationService.test.ts:91:39
     89|
     90|   it('should accept empty phone (optional field)', () => {
     91|     expect(validatePhone('').isValid).toBe(true);
       |                                       ^
     92|   });
     93| });

ΓÄ»ΓÄ»ΓÄ»ΓÄ»ΓÄ»ΓÄ»ΓÄ»ΓÄ»ΓÄ»ΓÄ»ΓÄ»ΓÄ»ΓÄ»ΓÄ»ΓÄ»ΓÄ»ΓÄ»ΓÄ»ΓÄ»ΓÄ»ΓÄ»ΓÄ»[10/11]ΓÄ»

 FAIL  tests/validationService.test.ts > sanitizeInput > should trim whitespace

AssertionError: expected '  hello  ' to be 'hello' // Object.is equality

Expected: "hello"
Received: "  hello  "

 Γ¥» tests/validationService.test.ts:115:40
    113|
    114|   it('should trim whitespace', () => {
    115|     expect(sanitizeInput('  hello  ')).toBe('hello');
       |                                        ^
    116|   });
    117| });

ΓÄ»ΓÄ»ΓÄ»ΓÄ»ΓÄ»ΓÄ»ΓÄ»ΓÄ»ΓÄ»ΓÄ»ΓÄ»ΓÄ»ΓÄ»ΓÄ»ΓÄ»ΓÄ»ΓÄ»ΓÄ»ΓÄ»ΓÄ»ΓÄ»ΓÄ»[11/11]ΓÄ»

[2m Test Files [22m [1m[31m5 failed[39m[22m[2m | [22m[1m[32m3 passed[39m[22m[90m (8)[39m
[2m      Tests [22m [1m[31m11 failed[39m[22m[2m | [22m[1m[32m144 passed[39m[22m[90m (155)[39m
[2m   Start at [22m 05:59:03
[2m   Duration [22m 3.73s[2m (transform 1.32s, setup 3.45s, import 1.45s, tests 2.21s, environment 16.27s)[22m

